

## HISTOGRAM	java.lang.String
Error Type	Count
WARNING:ADJACENT_INDEL_IN_CIGAR	42
WARNING:BAM_FILE_MISSING_TERMINATOR_BLOCK	42
WARNING:E2_BASE_EQUALS_PRIMARY_BASE	42
WARNING:INVALID_DATE_STRING	42
WARNING:INVALID_QUALITY_FORMAT	42
WARNING:MISSING_TAG_NM	42
WARNING:PAIRED_READ_NOT_MARKED_AS_FIRST_OR_SECOND	42
WARNING:RECORD_MISSING_READ_GROUP	42
ERROR:CIGAR_MAPS_OFF_REFERENCE	42
ERROR:DUPLICATE_PROGRAM_GROUP_ID	42
ERROR:DUPLICATE_READ_GROUP_ID	42
ERROR:EMPTY_READ	42
ERROR:HEADER_RECORD_MISSING_REQUIRED_TAG	42
ERROR:HEADER_TAG_MULTIPLY_DEFINED	42
ERROR:INVALID_ALIGNMENT_START	42
ERROR:INVALID_CIGAR	42
ERROR:INVALID_FLAG_FIRST_OF_PAIR	42
ERROR:INVALID_FLAG_MATE_NEG_STRAND	42
ERROR:INVALID_FLAG_MATE_UNMAPPED	42
ERROR:INVALID_FLAG_NOT_PRIM_ALIGNMENT	42
ERROR:INVALID_FLAG_PROPER_PAIR	42
ERROR:INVALID_FLAG_READ_UNMAPPED	42
ERROR:INVALID_FLAG_SECOND_OF_PAIR	42
ERROR:INVALID_FLAG_SUPPLEMENTARY_ALIGNMENT	42
ERROR:INVALID_INDEX_FILE_POINTER	42
ERROR:INVALID_INDEXING_BIN	42
ERROR:INVALID_INSERT_SIZE	42
ERROR:INVALID_MAPPING_QUALITY	42
ERROR:INVALID_MATE_REF_INDEX	42
ERROR:INVALID_PLATFORM_VALUE	42
ERROR:INVALID_PREDICTED_MEDIAN_INSERT_SIZE	42
ERROR:INVALID_REFERENCE_INDEX	42
ERROR:INVALID_TAG_NM	42
ERROR:INVALID_VERSION_NUMBER	42
ERROR:MATE_CIGAR_STRING_INVALID_PRESENCE	42
ERROR:MATE_FIELD_MISMATCH	42
ERROR:MATE_NOT_FOUND	42
ERROR:MATES_ARE_SAME_END	42
ERROR:MISMATCH_FLAG_MATE_NEG_STRAND	42
ERROR:MISMATCH_FLAG_MATE_UNMAPPED	42
ERROR:MISMATCH_MATE_ALIGNMENT_START	42
ERROR:MISMATCH_MATE_CIGAR_STRING	42
ERROR:MISMATCH_MATE_REF_INDEX	42
ERROR:MISMATCH_READ_LENGTH_AND_E2_LENGTH	42
ERROR:MISMATCH_READ_LENGTH_AND_QUALS_LENGTH	42
ERROR:MISMATCH_READ_LENGTH_AND_U2_LENGTH	42
ERROR:MISSING_HEADER	42
ERROR:MISSING_PLATFORM_VALUE	42
ERROR:MISSING_READ_GROUP	42
ERROR:MISSING_SEQUENCE_DICTIONARY	42
ERROR:MISSING_VERSION_NUMBER	42
ERROR:POORLY_FORMATTED_HEADER_TAG	42
ERROR:READ_GROUP_NOT_FOUND	42
ERROR:RECORD_OUT_OF_ORDER	42
ERROR:TAG_VALUE_TOO_LARGE	42
ERROR:TRUNCATED_FILE	42
ERROR:UNRECOGNIZED_HEADER_TYPE	42